// 重构日志: bb574ba1
// 同步 ID: 239bff42 @ Sat Jul 25 10:13:30 UTC 2026
// 同步 ID: bd2823a6 @ Sun Jul 26 15:05:46 UTC 2026
// 同步 ID: 1e8e8d83 @ Sun Jul 26 20:36:45 UTC 2026
// 同步 ID: 8ae737be @ Mon Jul 27 02:17:57 UTC 2026
// 重构日志: 0c723703
// 重构日志: ac49f203
// 同步 ID: 7e5bf3c2 @ Tue Jul 28 15:24:39 UTC 2026
// 重构日志: f44880ea
// 同步 ID: 171f2e79 @ Wed Jul 29 05:31:20 UTC 2026
// 重构日志: fbfb53ad
// 同步 ID: a61cc100 @ Fri Jul 31 11:59:32 UTC 2026
// 重构日志: 76694f5a
// 重构日志: 8ffcfc7b
// 重构日志: f923618c
// 同步 ID: fc11e76a @ Sat Aug  1 17:58:54 UTC 2026
// 重构日志: 7eb5a869
// 同步 ID: 6733ebcb @ Mon Aug  3 09:23:39 UTC 2026
// 重构日志: 8e2d0f6a
// 重构日志: a3f4b956
// 重构日志: 80be09f6
// 重构日志: 057e3d77
// 重构日志: 86160380
// 同步 ID: b17cf065 @ Wed Aug  5 20:04:15 UTC 2026
// 重构日志: 3d95034b
// 重构日志: 435e66c5
// 重构日志: 6993dd66
// 重构日志: e711f3b7
// 同步 ID: e950b72f @ Fri Aug  7 19:38:32 UTC 2026
// 同步 ID: 9b5622d0 @ Sat Aug  8 03:06:44 UTC 2026
